ASxxxx Linker V03.00/V05.40 + sdld,  page 1.
Hexadecimal  [32-Bits]

Area                                    Addr        Size        Decimal Bytes (Attributes)
--------------------------------        ----        ----        ------- ----- ------------
.  .ABS.                            00000000    00000000 =           0. bytes (ABS,CON)

      Value  Global                              Global Defined In Module
      -----  --------------------------------   ------------------------
     00000000  .__.ABS.                           
     00000000  _rRAMG                             
     00000000  l__BASE                         
     00000000  l__BSS                          
     00000000  l__CABS                         
     00000000  l__CODE_0                       
     00000000  l__CRASH_HEADER                 
     00000000  l__CRASH_SCRATCH                
     00000000  l__DABS                         
     00000000  l__HEADER                       
     00000000  l__HEADER_LCD                   
     00000000  l__HEADER_SIO                   
     00000000  l__HEADER_TIMER                 
     00000000  l__HEAP                         
     00000000  l__HEAP_END                     
     00000000  l__HRAM                         
     00000000  l__LIT                          
     00000000  s__CABS                         
     00000000  s__CRASH_HEADER                 
     00000000  s__CRASH_HEADER0                
     00000000  s__CRASH_HEADER1                
     00000000  s__CRASH_SCRATCH                
     00000000  s__CRASH_SCRATCH2               
     00000000  s__DABS                         
     00000000  s__HEADER                       
     00000000  s__HEADER0                      
     00000000  s__HEADER1                      
     00000000  s__HEADER10                     
     00000000  s__HEADER11                     
     00000000  s__HEADER2                      
     00000000  s__HEADER3                      
     00000000  s__HEADER4                      
     00000000  s__HEADER5                      
     00000000  s__HEADER6                      
     00000000  s__HEADER7                      
     00000000  s__HEADER8                      
     00000000  s__HEADER9                      
     00000000  s__HEADER_LCD                   
     00000000  s__HEADER_LCD0                  
     00000000  s__HEADER_SIO                   
     00000000  s__HEADER_SIO0                  
     00000000  s__HEADER_TIMER                 
     00000000  s__HEADER_TIMER0                
     00000000  s__HEADERa                      
     00000000  s__HEADERb                      
     00000000  s__HEADERc                      
     00000000  s__HEADERd                      
     00000000  s__HEADERe                      
     00000000  s__HEADERf                      
     00000000  s__HRAM                         
ASxxxx Linker V03.00/V05.40 + sdld,  page 2.
Hexadecimal  [32-Bits]

Area                                    Addr        Size        Decimal Bytes (Attributes)
--------------------------------        ----        ----        ------- ----- ------------
.  .ABS.                            00000000    00000000 =           0. bytes (ABS,CON)

      Value  Global                              Global Defined In Module
      -----  --------------------------------   ------------------------
     00000000  s__HRAM12                       
     00000001  ___bank_ACTOR                      actor
     00000001  ___bank_VM_SGB                     vm_sgb
     00000001  b_activate_actor                   actor
     00000001  b_activate_actors_in_col           actor
     00000001  b_activate_actors_in_row           actor
     00000001  b_actor_at_tile                    actor
     00000001  b_actor_get_frame_offset           actor
     00000001  b_actor_in_front_of_player         actor
     00000001  b_actor_overlapping_bb             actor
     00000001  b_actor_overlapping_player         actor
     00000001  b_actor_set_anim_idle              actor
     00000001  b_actor_set_anim_moving            actor
     00000001  b_actor_set_dir                    actor
     00000001  b_actor_set_frame_offset           actor
     00000001  b_actor_set_frames                 actor
     00000001  b_actors_handle_player_collision   actor
     00000001  b_actors_init                      actor
     00000001  b_camera_init                      camera
     00000001  b_camera_reset                     camera
     00000001  b_check_collision_in_direction     actor
     00000001  b_deactivate_actor                 actor
     00000001  b_erase_flash                      
     00000001  b_platform_init                    platform
     00000001  b_platform_update                  platform
     00000001  b_player_init                      actor
     00000001  b_save_sram_banks                  
     00000001  b_ui_draw_frame                    ui
     00000001  b_ui_draw_text_buffer_char         ui
     00000001  b_ui_init                          ui
     00000001  b_ui_load_tiles                    ui
     00000001  b_ui_run_menu                      ui
     00000001  b_ui_run_modal                     ui
     00000001  b_ui_set_start_tile                ui
     00000001  l__GSFINAL                      
     00000001  l__HEADER0                      
     00000001  l__HEADER5                      
     00000001  l__HEADERa                      
     00000001  l__HEADERb                      
     00000001  l__HEADERc                      
     00000001  l__HEADERe                      
     00000001  l__HEADERf                      
     00000002  ___bank_VM_ACTOR                   vm_actor
     00000002  ___bank_bg_andre_tileset           bg_andre_tileset
     00000002  ___bank_bg_game_boy_camera_14_ti   bg_game_boy_camera_14_tilese
     00000002  ___bank_palette_0                  palette_0
     00000002  ___bank_palette_1                  palette_1
     00000002  b_scroll_rect                      
     00000002  b_shmup_init                       shmup
     00000002  b_shmup_update                     shmup
     00000002  b_vm_actor_activate                vm_actor
ASxxxx Linker V03.00/V05.40 + sdld,  page 3.
Hexadecimal  [32-Bits]

Area                                    Addr        Size        Decimal Bytes (Attributes)
--------------------------------        ----        ----        ------- ----- ------------
.  .ABS.                            00000000    00000000 =           0. bytes (ABS,CON)

      Value  Global                              Global Defined In Module
      -----  --------------------------------   ------------------------
     00000002  b_vm_actor_begin_update            vm_actor
     00000002  b_vm_actor_deactivate              vm_actor
     00000002  b_vm_actor_emote                   vm_actor
     00000002  b_vm_actor_get_angle               vm_actor
     00000002  b_vm_actor_get_anim_frame          vm_actor
     00000002  b_vm_actor_get_dir                 vm_actor
     00000002  b_vm_actor_get_pos                 vm_actor
     00000002  b_vm_actor_move_cancel             vm_actor
     00000002  b_vm_actor_move_to                 vm_actor
     00000002  b_vm_actor_replace_tile            vm_actor
     00000002  b_vm_actor_set_anim                vm_actor
     00000002  b_vm_actor_set_anim_frame          vm_actor
     00000002  b_vm_actor_set_anim_set            vm_actor
     00000002  b_vm_actor_set_anim_tick           vm_actor
     00000002  b_vm_actor_set_bounds              vm_actor
     00000002  b_vm_actor_set_dir                 vm_actor
     00000002  b_vm_actor_set_flags               vm_actor
     00000002  b_vm_actor_set_move_speed          vm_actor
     00000002  b_vm_actor_set_pos                 vm_actor
     00000002  b_vm_actor_set_spritesheet         vm_actor
     00000002  b_vm_actor_set_spritesheet_by_re   vm_actor
     00000002  b_vm_actor_terminate_update        vm_actor
     00000002  l__HEADER10                     
     00000002  l__HEADER6                      
     00000002  l__HEADERd                      
     00000003  ___bank_VM_MAIN                    vm
     00000003  ___bank_bg_ecki_tileset            bg_ecki_tileset
     00000003  ___bank_bg_game_boy_camera_15_ti   bg_game_boy_camera_15_tilese
     00000003  ___bank_bg_mara_tileset            bg_mara_tileset
     00000003  ___bank_script_engine_init         
     00000003  b_palette_init                     palette
     00000003  b_script_detach_hthread            vm
     00000003  b_script_execute                   vm
     00000003  b_script_runner_init               vm
     00000003  b_script_terminate                 vm
     00000003  b_vm_call                          vm
     00000003  b_vm_call_far                      vm
     00000003  b_vm_get_indirect                  vm
     00000003  b_vm_get_int16                     vm
     00000003  b_vm_get_int8                      vm
     00000003  b_vm_get_tlocal                    vm
     00000003  b_vm_get_uint8                     vm
     00000003  b_vm_idle                          vm
     00000003  b_vm_if                            vm
     00000003  b_vm_if_const                      vm
     00000003  b_vm_init_rng                      vm
     00000003  b_vm_invoke                        vm
     00000003  b_vm_join                          vm
     00000003  b_vm_jump                          vm
     00000003  b_vm_lock                          vm
     00000003  b_vm_loop                          vm
ASxxxx Linker V03.00/V05.40 + sdld,  page 4.
Hexadecimal  [32-Bits]

Area                                    Addr        Size        Decimal Bytes (Attributes)
--------------------------------        ----        ----        ------- ----- ------------
.  .ABS.                            00000000    00000000 =           0. bytes (ABS,CON)

      Value  Global                              Global Defined In Module
      -----  --------------------------------   ------------------------
     00000003  b_vm_memcpy                        vm
     00000003  b_vm_memset                        vm
     00000003  b_vm_poll_loaded                   vm
     00000003  b_vm_pop                           vm
     00000003  b_vm_push                          vm
     00000003  b_vm_push_reference                vm
     00000003  b_vm_push_value                    vm
     00000003  b_vm_push_value_ind                vm
     00000003  b_vm_raise                         vm
     00000003  b_vm_rand                          vm
     00000003  b_vm_reserve                       vm
     00000003  b_vm_ret                           vm
     00000003  b_vm_ret_far                       vm
     00000003  b_vm_set                           vm
     00000003  b_vm_set_const                     vm
     00000003  b_vm_set_const_int16               vm
     00000003  b_vm_set_const_int8                vm
     00000003  b_vm_set_indirect                  vm
     00000003  b_vm_set_int16                     vm
     00000003  b_vm_set_int8                      vm
     00000003  b_vm_set_uint8                     vm
     00000003  b_vm_terminate                     vm
     00000003  b_vm_test_terminate                vm
     00000003  b_vm_unlock                        vm
     00000003  b_wait_frames                      vm
     00000003  l__HEADER9                      
     00000003  l__HEADER_LCD0                  
     00000003  l__HRAM12                       
     00000004  ___bank_bg_christianf_tileset      bg_christianf_tileset
     00000004  ___bank_bg_game_boy_camera_11_ti   bg_game_boy_camera_11_tilese
     00000004  ___bank_bg_game_boy_camera_9_til   bg_game_boy_camera_9_tileset
     00000004  ___bank_bg_joerg_tileset           bg_joerg_tileset
     00000004  b___HandleCrash_banked             
     00000004  l__CRASH_HEADER1                
     00000004  l__HEADER_SIO0                  
     00000004  l__HEADER_TIMER0                
     00000005  ___bank_bg_danielo_tileset         bg_danielo_tileset
     00000005  ___bank_bg_game_boy_camera_10_ti   bg_game_boy_camera_10_tilese
     00000005  ___bank_bg_game_boy_camera_18_ti   bg_game_boy_camera_18_tilese
     00000005  ___bank_font_gbs_mono              font_gbs_mono
     00000005  ___bank_scene_1                    scene_1
     00000005  ___bank_scene_1_init               scene_1_init
     00000005  b_do_load_palette                  data_manager
     00000005  b_load_background                  data_manager
     00000005  b_load_bkg_tileset                 data_manager
     00000005  b_load_bounds                      data_manager
     00000005  b_load_emote                       data_manager
     00000005  b_load_init                        data_manager
     00000005  b_load_player                      data_manager
     00000005  b_load_scene                       data_manager
     00000005  b_load_sprite                      data_manager
ASxxxx Linker V03.00/V05.40 + sdld,  page 5.
Hexadecimal  [32-Bits]

Area                                    Addr        Size        Decimal Bytes (Attributes)
--------------------------------        ----        ----        ------- ----- ------------
.  .ABS.                            00000000    00000000 =           0. bytes (ABS,CON)

      Value  Global                              Global Defined In Module
      -----  --------------------------------   ------------------------
     00000005  l__CRASH_HEADER0                
     00000005  l__HEADER1                      
     00000006  ___bank_VM_GAMEBOY                 vm_gameboy
     00000006  ___bank_VM_UI                      vm_ui
     00000006  ___bank_bg_andre_tilemap           bg_andre_tilemap
     00000006  ___bank_bg_game_boy_camera_2_til   bg_game_boy_camera_2_tileset
     00000006  ___bank_song_dreamy_Data           song_dreamy_Data
     00000006  b_adventure_init                   adventure
     00000006  b_adventure_update                 adventure
     00000006  b_core_reset                       core
     00000006  b_core_run                         core
     00000006  b_data_clear                       load_save
     00000006  b_data_init                        load_save
     00000006  b_data_load                        load_save
     00000006  b_data_peek                        load_save
     00000006  b_data_save                        load_save
     00000006  b_projectile_launch                projectiles
     00000006  b_projectiles_init                 projectiles
     00000006  b_scroll_init                      scroll
     00000006  b_scroll_repaint                   scroll
     00000006  b_scroll_reset                     scroll
     00000006  b_scroll_update                    scroll
     00000006  b_topdown_init                     topdown
     00000006  b_topdown_update                   topdown
     00000006  b_trigger_activate_at              trigger
     00000006  b_trigger_activate_at_intersecti   trigger
     00000006  b_trigger_at_intersection          trigger
     00000006  b_trigger_at_tile                  trigger
     00000006  b_trigger_interact                 trigger
     00000006  b_trigger_reset                    trigger
     00000006  b_vm_choice                        vm_ui
     00000006  b_vm_context_prepare               vm_gameboy
     00000006  b_vm_display_text                  vm_ui
     00000006  b_vm_fade                          vm_gameboy
     00000006  b_vm_get_tile_xy                   vm_gameboy
     00000006  b_vm_input_attach                  vm_gameboy
     00000006  b_vm_input_detach                  vm_gameboy
     00000006  b_vm_input_get                     vm_gameboy
     00000006  b_vm_input_wait                    vm_gameboy
     00000006  b_vm_load_tiles                    vm_gameboy
     00000006  b_vm_load_tileset                  vm_gameboy
     00000006  b_vm_overlay_clear                 vm_ui
     00000006  b_vm_overlay_move_to               vm_ui
     00000006  b_vm_overlay_scroll                vm_ui
     00000006  b_vm_overlay_set_map               vm_ui
     00000006  b_vm_overlay_set_scroll            vm_ui
     00000006  b_vm_overlay_set_submap            vm_ui
     00000006  b_vm_overlay_set_submap_ex         vm_ui
     00000006  b_vm_overlay_setpos                vm_ui
     00000006  b_vm_overlay_show                  vm_ui
     00000006  b_vm_overlay_wait                  vm_ui
ASxxxx Linker V03.00/V05.40 + sdld,  page 6.
Hexadecimal  [32-Bits]

Area                                    Addr        Size        Decimal Bytes (Attributes)
--------------------------------        ----        ----        ------- ----- ------------
.  .ABS.                            00000000    00000000 =           0. bytes (ABS,CON)

      Value  Global                              Global Defined In Module
      -----  --------------------------------   ------------------------
     00000006  b_vm_poll                          vm_gameboy
     00000006  b_vm_replace_tile                  vm_gameboy
     00000006  b_vm_replace_tile_xy               vm_gameboy
     00000006  b_vm_rumble                        vm_gameboy
     00000006  b_vm_set_font                      vm_ui
     00000006  b_vm_set_sprite_mode               vm_gameboy
     00000006  b_vm_set_sprites_visible           vm_gameboy
     00000006  b_vm_set_text_sound                vm_ui
     00000006  b_vm_switch_text_layer             vm_ui
     00000006  b_vm_timer_prepare                 vm_gameboy
     00000006  b_vm_timer_reset                   vm_gameboy
     00000006  b_vm_timer_set                     vm_gameboy
     00000006  b_vm_timer_stop                    vm_gameboy
     00000006  l__HEADER8                      
     00000007  ___bank_VM_CAMERA                  vm_camera
     00000007  ___bank_VM_MUSIC                   vm_music
     00000007  ___bank_VM_PROJECTILE              vm_projectiles
     00000007  ___bank_VM_SIO                     vm_sio
     00000007  ___bank_bg_christianf_tilemap      bg_christianf_tilemap
     00000007  ___bank_bg_danielo_tilemap         bg_danielo_tilemap
     00000007  ___bank_bg_ecki_tilemap            bg_ecki_tilemap
     00000007  ___bank_bg_game_boy_camera_10_ti   bg_game_boy_camera_10_tilema
     00000007  ___bank_bg_game_boy_camera_11_ti   bg_game_boy_camera_11_tilema
     00000007  ___bank_bg_game_boy_camera_14_ti   bg_game_boy_camera_14_tilema
     00000007  ___bank_bg_game_boy_camera_15_ti   bg_game_boy_camera_15_tilema
     00000007  ___bank_bg_game_boy_camera_18_ti   bg_game_boy_camera_18_tilema
     00000007  ___bank_bg_game_boy_camera_2_til   bg_game_boy_camera_2_tilemap
     00000007  ___bank_bg_game_boy_camera_9_til   bg_game_boy_camera_9_tilemap
     00000007  ___bank_bg_joerg_tilemap           bg_joerg_tilemap
     00000007  ___bank_bg_mara_tilemap            bg_mara_tilemap
     00000007  ___bank_bg_placeholder_tilemap     bg_placeholder_tilemap
     00000007  ___bank_scene_10_collisions        scene_10_collisions
     00000007  ___bank_scene_11_collisions        scene_11_collisions
     00000007  ___bank_scene_12_collisions        scene_12_collisions
     00000007  ___bank_scene_13_collisions        scene_13_collisions
     00000007  ___bank_scene_14_collisions        scene_14_collisions
     00000007  ___bank_scene_15_collisions        scene_15_collisions
     00000007  ___bank_scene_1_collisions         scene_1_collisions
     00000007  ___bank_scene_2_collisions         scene_2_collisions
     00000007  ___bank_scene_3_collisions         scene_3_collisions
     00000007  ___bank_scene_4_collisions         scene_4_collisions
     00000007  ___bank_scene_5_collisions         scene_5_collisions
     00000007  ___bank_scene_6_collisions         scene_6_collisions
     00000007  ___bank_scene_7_collisions         scene_7_collisions
     00000007  ___bank_scene_8_collisions         scene_8_collisions
     00000007  ___bank_scene_9_collisions         scene_9_collisions
     00000007  b_atan2                            math_atan2
     00000007  b_camera_shake_frames              vm_camera
     00000007  b_fade_applypalettechange          fade_manager
     00000007  b_fade_in                          fade_manager
     00000007  b_fade_in_modal                    fade_manager
ASxxxx Linker V03.00/V05.40 + sdld,  page 7.
Hexadecimal  [32-Bits]

Area                                    Addr        Size        Decimal Bytes (Attributes)
--------------------------------        ----        ----        ------- ----- ------------
.  .ABS.                            00000000    00000000 =           0. bytes (ABS,CON)

      Value  Global                              Global Defined In Module
      -----  --------------------------------   ------------------------
     00000007  b_fade_init                        fade_manager
     00000007  b_fade_out                         fade_manager
     00000007  b_fade_out_modal                   fade_manager
     00000007  b_fade_setspeed                    fade_manager
     00000007  b_fade_update                      fade_manager
     00000007  b_gbprinter_detect                 gbprinter
     00000007  b_gbprinter_print_overlay          gbprinter
     00000007  b_pointnclick_init                 pointnclick
     00000007  b_pointnclick_update               pointnclick
     00000007  b_set_sgb_border                   sgb_border
     00000007  b_vm_camera_move_to                vm_camera
     00000007  b_vm_camera_set_pos                vm_camera
     00000007  b_vm_music_mute                    vm_music
     00000007  b_vm_music_play                    vm_music
     00000007  b_vm_music_routine                 vm_music
     00000007  b_vm_music_setpos                  vm_music
     00000007  b_vm_music_stop                    vm_music
     00000007  b_vm_projectile_launch             vm_projectiles
     00000007  b_vm_projectile_load_type          vm_projectiles
     00000007  b_vm_sfx_play                      vm_music
     00000007  b_vm_sio_exchange                  vm_sio
     00000007  b_vm_sio_set_mode                  vm_sio
     00000007  b_vm_sound_mastervol               vm_music
     00000007  l__HEADER2                      
     00000008  ___bank_VM_GBPRINTER               vm_gbprinter
     00000008  ___bank_VM_LOAD_SAVE               vm_load_save
     00000008  ___bank_VM_MATH                    vm_math
     00000008  ___bank_VM_PALETTE                 vm_palette
     00000008  ___bank_VM_RTC                     vm_rtc
     00000008  ___bank_VM_SCENE                   vm_scene
     00000008  ___bank_bg_andre                   bg_andre
     00000008  ___bank_bg_christianf              bg_christianf
     00000008  ___bank_bg_danielo                 bg_danielo
     00000008  ___bank_bg_ecki                    bg_ecki
     00000008  ___bank_bg_game_boy_camera_10      bg_game_boy_camera_10
     00000008  ___bank_bg_game_boy_camera_11      bg_game_boy_camera_11
     00000008  ___bank_bg_game_boy_camera_14      bg_game_boy_camera_14
     00000008  ___bank_bg_game_boy_camera_15      bg_game_boy_camera_15
     00000008  ___bank_bg_game_boy_camera_18      bg_game_boy_camera_18
     00000008  ___bank_bg_game_boy_camera_2       bg_game_boy_camera_2
     00000008  ___bank_bg_game_boy_camera_9       bg_game_boy_camera_9
     00000008  ___bank_bg_joerg                   bg_joerg
     00000008  ___bank_bg_mara                    bg_mara
     00000008  ___bank_bg_placeholder             bg_placeholder
     00000008  ___bank_bg_placeholder_tileset     bg_placeholder_tileset
     00000008  ___bank_bootstrap_script           
     00000008  ___bank_cursor_image               cursor_image
     00000008  ___bank_frame_image                frame_image
     00000008  ___bank_scene_10                   scene_10
     00000008  ___bank_scene_10_init              scene_10_init
     00000008  ___bank_scene_11                   scene_11
ASxxxx Linker V03.00/V05.40 + sdld,  page 8.
Hexadecimal  [32-Bits]

Area                                    Addr        Size        Decimal Bytes (Attributes)
--------------------------------        ----        ----        ------- ----- ------------
.  .ABS.                            00000000    00000000 =           0. bytes (ABS,CON)

      Value  Global                              Global Defined In Module
      -----  --------------------------------   ------------------------
     00000008  ___bank_scene_11_init              scene_11_init
     00000008  ___bank_scene_12                   scene_12
     00000008  ___bank_scene_12_init              scene_12_init
     00000008  ___bank_scene_13                   scene_13
     00000008  ___bank_scene_13_init              scene_13_init
     00000008  ___bank_scene_14                   scene_14
     00000008  ___bank_scene_14_init              scene_14_init
     00000008  ___bank_scene_15                   scene_15
     00000008  ___bank_scene_15_init              scene_15_init
     00000008  ___bank_scene_2                    scene_2
     00000008  ___bank_scene_2_init               scene_2_init
     00000008  ___bank_scene_3                    scene_3
     00000008  ___bank_scene_3_init               scene_3_init
     00000008  ___bank_scene_4                    scene_4
     00000008  ___bank_scene_4_init               scene_4_init
     00000008  ___bank_scene_5                    scene_5
     00000008  ___bank_scene_5_init               scene_5_init
     00000008  ___bank_scene_6                    scene_6
     00000008  ___bank_scene_6_init               scene_6_init
     00000008  ___bank_scene_7                    scene_7
     00000008  ___bank_scene_7_init               scene_7_init
     00000008  ___bank_scene_8                    scene_8
     00000008  ___bank_scene_8_init               scene_8_init
     00000008  ___bank_scene_9                    scene_9
     00000008  ___bank_scene_9_init               scene_9_init
     00000008  ___bank_script_input_0             script_input_0
     00000008  ___bank_script_input_1             script_input_1
     00000008  ___bank_script_input_10            script_input_10
     00000008  ___bank_script_input_11            script_input_11
     00000008  ___bank_script_input_12            script_input_12
     00000008  ___bank_script_input_13            script_input_13
     00000008  ___bank_script_input_14            script_input_14
     00000008  ___bank_script_input_15            script_input_15
     00000008  ___bank_script_input_16            script_input_16
     00000008  ___bank_script_input_17            script_input_17
     00000008  ___bank_script_input_18            script_input_18
     00000008  ___bank_script_input_19            script_input_19
     00000008  ___bank_script_input_2             script_input_2
     00000008  ___bank_script_input_20            script_input_20
     00000008  ___bank_script_input_21            script_input_21
     00000008  ___bank_script_input_22            script_input_22
     00000008  ___bank_script_input_23            script_input_23
     00000008  ___bank_script_input_24            script_input_24
     00000008  ___bank_script_input_25            script_input_25
     00000008  ___bank_script_input_26            script_input_26
     00000008  ___bank_script_input_27            script_input_27
     00000008  ___bank_script_input_28            script_input_28
     00000008  ___bank_script_input_29            script_input_29
     00000008  ___bank_script_input_3             script_input_3
     00000008  ___bank_script_input_30            script_input_30
     00000008  ___bank_script_input_31            script_input_31
ASxxxx Linker V03.00/V05.40 + sdld,  page 9.
Hexadecimal  [32-Bits]

Area                                    Addr        Size        Decimal Bytes (Attributes)
--------------------------------        ----        ----        ------- ----- ------------
.  .ABS.                            00000000    00000000 =           0. bytes (ABS,CON)

      Value  Global                              Global Defined In Module
      -----  --------------------------------   ------------------------
     00000008  ___bank_script_input_32            script_input_32
     00000008  ___bank_script_input_33            script_input_33
     00000008  ___bank_script_input_34            script_input_34
     00000008  ___bank_script_input_35            script_input_35
     00000008  ___bank_script_input_36            script_input_36
     00000008  ___bank_script_input_37            script_input_37
     00000008  ___bank_script_input_38            script_input_38
     00000008  ___bank_script_input_39            script_input_39
     00000008  ___bank_script_input_4             script_input_4
     00000008  ___bank_script_input_40            script_input_40
     00000008  ___bank_script_input_41            script_input_41
     00000008  ___bank_script_input_42            script_input_42
     00000008  ___bank_script_input_5             script_input_5
     00000008  ___bank_script_input_6             script_input_6
     00000008  ___bank_script_input_7             script_input_7
     00000008  ___bank_script_input_8             script_input_8
     00000008  ___bank_script_input_9             script_input_9
     00000008  ___bank_sprite_actor_animated      sprite_actor_animated
     00000008  ___bank_sprite_actor_animated_ti   sprite_actor_animated_tilese
     00000008  ___bank_spritesheet_none           spritesheet_none
     00000008  b_SIO_init                         sio
     00000008  b_events_init                      events
     00000008  b_input_init                       input
     00000008  b_itoa_fmt                         vm_ui_a
     00000008  b_logo_init                        logo
     00000008  b_logo_update                      logo
     00000008  b_music_events_poll                music_manager
     00000008  b_music_init_driver                music_manager
     00000008  b_music_init_events                music_manager
     00000008  b_parallax_init                    parallax
     00000008  b_remove_LCD_ISRs                  interrupts
     00000008  b_restore_sram                     flasher
     00000008  b_restore_sram_bank                flasher
     00000008  b_save_sram                        flasher
     00000008  b_timers_init                      events
     00000008  b_vm_cos_scale                     vm_math
     00000008  b_vm_load_palette                  vm_palette
     00000008  b_vm_print_detect                  vm_gbprinter
     00000008  b_vm_print_overlay                 vm_gbprinter
     00000008  b_vm_rtc_get                       vm_rtc
     00000008  b_vm_rtc_latch                     vm_rtc
     00000008  b_vm_rtc_set                       vm_rtc
     00000008  b_vm_rtc_start                     vm_rtc
     00000008  b_vm_save_clear                    vm_load_save
     00000008  b_vm_save_peek                     vm_load_save
     00000008  b_vm_scene_pop                     vm_scene
     00000008  b_vm_scene_pop_all                 vm_scene
     00000008  b_vm_scene_push                    vm_scene
     00000008  b_vm_scene_stack_reset             vm_scene
     00000008  b_vm_sin_scale                     vm_math
     00000008  l__HEADER3                      
ASxxxx Linker V03.00/V05.40 + sdld,  page 10.
Hexadecimal  [32-Bits]

Area                                    Addr        Size        Decimal Bytes (Attributes)
--------------------------------        ----        ----        ------- ----- ------------
.  .ABS.                            00000000    00000000 =           0. bytes (ABS,CON)

      Value  Global                              Global Defined In Module
      -----  --------------------------------   ------------------------
     0000000C  __start_save                    
     0000001A  l__INITIALIZED                  
     0000001A  l__INITIALIZER                  
     0000002D  l__GSINIT                       
     00000030  l__HEADER7                      
     00000060  l__HEADER4                      
     000000AB  l__HEADER11                     
     000001CB  l__CRASH_SCRATCH2               
     00000200  s__CODE                         
     000008E9  l__CODE                         
     00000AE9  s__HOME                         
     00001964  l__CODE_8                       
     00001971  l__DATA                         
     00002000  _rROMB0                            
     000029CB  l__HOME                         
     00003000  _rROMB1                            
     000034B4  s__BASE                         
     000034B4  s__CODE_0                       
     000034B4  s__INITIALIZER                  
     000034B4  s__LIT                          
     000034CE  s__GSINIT                       
     000034FB  s__GSFINAL                      
     00003FF3  l__CODE_1                       
     00003FFB  l__CODE_7                       
     00003FFD  l__CODE_6                       
     00003FFE  l__CODE_5                       
     00004000  _RTC_SELECT_REG                    vm_rtc
     00004000  _rRAMB                             
     00004000  l__CODE_2                       
     00004000  l__CODE_3                       
     00004000  l__CODE_4                       
     00006000  _RTC_LATCH_REG                     vm_rtc
     00008000  __VRAM                             
     00008000  __VRAM8000                         
     00008800  __VRAM8800                         
     00009000  __VRAM9000                         
     00009800  __SCRN0                            
     00009C00  __SCRN1                            
     0000A000  _RTC_VALUE_REG                     vm_rtc
     0000A000  __SRAM                             
     0000C000  __RAM                              
     0000C000  _shadow_OAM                     
     0000C0A0  s__DATA                         
     0000D000  __RAMBANK                          
     0000DA11  s__BSS                          
     0000DA11  s__INITIALIZED                  
     0000DA2B  s__HEAP                         
     0000DA2B  s__HEAP_END                     
     0000DF00  .STACK                          
     0000DF00  _shadow_OAM2                       absolute
     0000DFA0  _BkgPalette                        absolute
ASxxxx Linker V03.00/V05.40 + sdld,  page 11.
Hexadecimal  [32-Bits]

Area                                    Addr        Size        Decimal Bytes (Attributes)
--------------------------------        ----        ----        ------- ----- ------------
.  .ABS.                            00000000    00000000 =           0. bytes (ABS,CON)

      Value  Global                              Global Defined In Module
      -----  --------------------------------   ------------------------
     0000DFE0  _vwf_tile_data                     absolute
     0000FE00  __OAMRAM                           
     0000FF00  _P1_REG                            
     0000FF00  __IO                               
     0000FF01  _SB_REG                            
     0000FF02  _SC_REG                            
     0000FF04  _DIV_REG                           
     0000FF05  _TIMA_REG                          
     0000FF06  _TMA_REG                           
     0000FF07  _TAC_REG                           
     0000FF0F  _IF_REG                            
     0000FF10  _NR10_REG                          
     0000FF11  _NR11_REG                          
     0000FF12  _NR12_REG                          
     0000FF13  _NR13_REG                          
     0000FF14  _NR14_REG                          
     0000FF16  _NR21_REG                          
     0000FF17  _NR22_REG                          
     0000FF18  _NR23_REG                          
     0000FF19  _NR24_REG                          
     0000FF1A  _NR30_REG                          
     0000FF1B  _NR31_REG                          
     0000FF1C  _NR32_REG                          
     0000FF1D  _NR33_REG                          
     0000FF1E  _NR34_REG                          
     0000FF20  _NR41_REG                          
     0000FF21  _NR42_REG                          
     0000FF22  _NR43_REG                          
     0000FF23  _NR44_REG                          
     0000FF24  _NR50_REG                          
     0000FF25  _NR51_REG                          
     0000FF26  _NR52_REG                          
     0000FF30  _AUD3WAVE                          
     0000FF30  _PCM_SAMPLE                        
     0000FF30  __AUD3WAVERAM                      
     0000FF40  _LCDC_REG                          
     0000FF41  _STAT_REG                          
     0000FF42  _SCY_REG                           
     0000FF43  _SCX_REG                           
     0000FF44  _LY_REG                            
     0000FF45  _LYC_REG                           
     0000FF46  _DMA_REG                           
     0000FF47  _BGP_REG                           
     0000FF48  _OBP0_REG                          
     0000FF49  _OBP1_REG                          
     0000FF4A  _WY_REG                            
     0000FF4B  _WX_REG                            
     0000FF4D  _KEY1_REG                          
     0000FF4F  _VBK_REG                           
     0000FF51  _HDMA1_REG                         
     0000FF52  _HDMA2_REG                         
ASxxxx Linker V03.00/V05.40 + sdld,  page 12.
Hexadecimal  [32-Bits]

Area                                    Addr        Size        Decimal Bytes (Attributes)
--------------------------------        ----        ----        ------- ----- ------------
.  .ABS.                            00000000    00000000 =           0. bytes (ABS,CON)

      Value  Global                              Global Defined In Module
      -----  --------------------------------   ------------------------
     0000FF53  _HDMA3_REG                         
     0000FF54  _HDMA4_REG                         
     0000FF55  _HDMA5_REG                         
     0000FF56  _RP_REG                            
     0000FF68  _BCPS_REG                          
     0000FF69  _BCPD_REG                          
     0000FF6A  _OCPS_REG                          
     0000FF6B  _OCPD_REG                          
     0000FF70  _SVBK_REG                          
     0000FF76  _PCM12_REG                         
     0000FF77  _PCM34_REG                         
     0000FF80  .refresh_OAM                    
     0000FF80  __HRAM                             
     0000FFFF  _IE_REG                            
     00014000  s__CODE_1                       
     00024000  s__CODE_2                       
     00034000  s__CODE_3                       
     00044000  s__CODE_4                       
     00054000  s__CODE_5                       
     00064000  s__CODE_6                       
     00074000  s__CODE_7                       
     00084000  s__CODE_8                       
ASxxxx Linker V03.00/V05.40 + sdld,  page 13.
Hexadecimal  [32-Bits]

Area                                    Addr        Size        Decimal Bytes (Attributes)
--------------------------------        ----        ----        ------- ----- ------------
_CODE                               00000200    000008E9 =        2281. bytes (REL,CON)

      Value  Global                              Global Defined In Module
      -----  --------------------------------   ------------------------
     00000200  ___HandleCrash                     
     0000020A  _SIO_send_byte                     
     0000021D  _SIO_receive                       
     0000022E  _GetWinAddr                        
     00000236  _GetBkgAddr                        
     00000244  _state_init                        
     00000249  _state_update                      
     0000026B  _ui_time_masks                     
     00000273  _ui_print_shift_char               
     000002F6  _ui_draw_frame_row                 
     000002FF  .ui_draw_frame_row                 
     00000328  _script_cmds                       vm_instructions
     00000560  _save_signature                    game_signature
     00000564  _start_scene_x                     
     00000566  _start_scene_y                     
     00000568  _start_scene_dir                   
     00000569  _start_scene                       
     0000056C  _start_player_move_speed           
     0000056D  _start_player_anim_tick            
     0000056E  _ui_fonts                          
     00000571  _core_reset_hook                   main
     00000579  _main                              main
     00000581  _state_start_fns                   
     00000593  _state_update_fns                  
     000005A5  _get_vram_byte                     
     000005AD  _get_win_tile_xy                   
     000005B5  _get_bkg_tile_xy                   
     000005F9  gbt_get_pattern_ptr_banked         
     00000618  _gbt_play                          
     000006D3  _gbt_pause                         
     000006E4  _gbt_loop                          
     000006EB  _gbt_stop                          
     000006F6  _gbt_enable_channels               
     000006FD  _gbt_update                        
     00000802  _hide_sprites_range                Metasprites
     00000831  __mulsuchar                        mul
     00000834  __muluschar                        mul
     0000083D  __mulschar                         mul
     00000845  __mulint                           mul
     00000864  __muluchar                         mul
     00000876  _set_vram_byte                     
     0000087F  _set_win_tile_xy                   
     00000887  _set_bkg_tile_xy                   
     000008B1  .sgb_check                         
     000008B1  _sgb_check                         
     000008F9  _sgb_transfer                      
     000008FE  .sgb_transfer                      
     0000093F  .copy_vram                         
     00000945  _get_data                          
     00000945  _set_data                          
ASxxxx Linker V03.00/V05.40 + sdld,  page 14.
Hexadecimal  [32-Bits]

Area                                    Addr        Size        Decimal Bytes (Attributes)
--------------------------------        ----        ----        ------- ----- ------------
_CODE                               00000200    000008E9 =        2281. bytes (REL,CON)

      Value  Global                              Global Defined In Module
      -----  --------------------------------   ------------------------
     00000945  _vmemcpy                           
     00000993  ___move_metasprite                 Metasprites
     000009D0  ___memcpy                          
     000009D0  _memcpy                            
     00000A02  __divsuchar                        divmod
     00000A08  __modsuchar                        divmod
     00000A11  __divuschar                        divmod
     00000A1A  __moduschar                        divmod
     00000A26  __divschar                         divmod
     00000A2B  __modschar                         divmod
     00000A32  __divsint                          divmod
     00000A3B  __modsint                          divmod
     00000A47  __divuchar                         divmod
     00000A4C  __moduchar                         divmod
     00000A53  __divuint                          divmod
     00000A5C  __moduint                          divmod
     00000A68  .div8                              divmod
     00000A68  .mod8                              divmod
     00000A70  .div16                             divmod
     00000A70  .mod16                             divmod
     00000AA6  .divu8                             divmod
     00000AA6  .modu8                             divmod
     00000AA9  .divu16                            divmod
     00000AA9  .modu16                            divmod

ASxxxx Linker V03.00/V05.40 + sdld,  page 15.
Hexadecimal  [32-Bits]

Area                                    Addr        Size        Decimal Bytes (Attributes)
--------------------------------        ----        ----        ------- ----- ------------
_HEADER0                            00000000    00000001 =           1. bytes (ABS,CON)

      Value  Global                              Global Defined In Module
      -----  --------------------------------   ------------------------
     00000020  .call_hl                           Runtime

ASxxxx Linker V03.00/V05.40 + sdld,  page 16.
Hexadecimal  [32-Bits]

Area                                    Addr        Size        Decimal Bytes (Attributes)
--------------------------------        ----        ----        ------- ----- ------------
_HEADER1                            00000000    00000005 =           5. bytes (ABS,CON)

      Value  Global                              Global Defined In Module
      -----  --------------------------------   ------------------------
     00000028  .MemsetSmall                       Runtime

ASxxxx Linker V03.00/V05.40 + sdld,  page 17.
Hexadecimal  [32-Bits]

Area                                    Addr        Size        Decimal Bytes (Attributes)
--------------------------------        ----        ----        ------- ----- ------------
_HEADER2                            00000000    00000007 =           7. bytes (ABS,CON)

      Value  Global                              Global Defined In Module
      -----  --------------------------------   ------------------------
     00000030  .MemcpySmall                       Runtime

ASxxxx Linker V03.00/V05.40 + sdld,  page 18.
Hexadecimal  [32-Bits]

Area                                    Addr        Size        Decimal Bytes (Attributes)
--------------------------------        ----        ----        ------- ----- ------------
_HEADER3                            00000000    00000008 =           8. bytes (ABS,CON)

      Value  Global                              Global Defined In Module
      -----  --------------------------------   ------------------------
ASxxxx Linker V03.00/V05.40 + sdld,  page 19.
Hexadecimal  [32-Bits]

Area                                    Addr        Size        Decimal Bytes (Attributes)
--------------------------------        ----        ----        ------- ----- ------------
_HEADER4                            00000000    00000060 =          96. bytes (ABS,CON)

      Value  Global                              Global Defined In Module
      -----  --------------------------------   ------------------------
     00000080  .int                               Runtime
     0000008F  _wait_int_handler                  Runtime
     0000009C  __standard_VBL_handler             Runtime
     000000AB  _refresh_OAM                       Runtime
     000000CC  _set_interrupts                    Runtime

ASxxxx Linker V03.00/V05.40 + sdld,  page 20.
Hexadecimal  [32-Bits]

Area                                    Addr        Size        Decimal Bytes (Attributes)
--------------------------------        ----        ----        ------- ----- ------------
_HEADER5                            00000000    00000001 =           1. bytes (ABS,CON)

      Value  Global                              Global Defined In Module
      -----  --------------------------------   ------------------------
ASxxxx Linker V03.00/V05.40 + sdld,  page 21.
Hexadecimal  [32-Bits]

Area                                    Addr        Size        Decimal Bytes (Attributes)
--------------------------------        ----        ----        ------- ----- ------------
_HEADER6                            00000000    00000002 =           2. bytes (ABS,CON)

      Value  Global                              Global Defined In Module
      -----  --------------------------------   ------------------------
ASxxxx Linker V03.00/V05.40 + sdld,  page 22.
Hexadecimal  [32-Bits]

Area                                    Addr        Size        Decimal Bytes (Attributes)
--------------------------------        ----        ----        ------- ----- ------------
_HEADER7                            00000000    00000030 =          48. bytes (ABS,CON)

      Value  Global                              Global Defined In Module
      -----  --------------------------------   ------------------------
ASxxxx Linker V03.00/V05.40 + sdld,  page 23.
Hexadecimal  [32-Bits]

Area                                    Addr        Size        Decimal Bytes (Attributes)
--------------------------------        ----        ----        ------- ----- ------------
_HEADER8                            00000000    00000006 =           6. bytes (ABS,CON)

      Value  Global                              Global Defined In Module
      -----  --------------------------------   ------------------------
ASxxxx Linker V03.00/V05.40 + sdld,  page 24.
Hexadecimal  [32-Bits]

Area                                    Addr        Size        Decimal Bytes (Attributes)
--------------------------------        ----        ----        ------- ----- ------------
_HEADER9                            00000000    00000003 =           3. bytes (ABS,CON)

      Value  Global                              Global Defined In Module
      -----  --------------------------------   ------------------------
ASxxxx Linker V03.00/V05.40 + sdld,  page 25.
Hexadecimal  [32-Bits]

Area                                    Addr        Size        Decimal Bytes (Attributes)
--------------------------------        ----        ----        ------- ----- ------------
_HEADERa                            00000000    00000001 =           1. bytes (ABS,CON)

      Value  Global                              Global Defined In Module
      -----  --------------------------------   ------------------------
ASxxxx Linker V03.00/V05.40 + sdld,  page 26.
Hexadecimal  [32-Bits]

Area                                    Addr        Size        Decimal Bytes (Attributes)
--------------------------------        ----        ----        ------- ----- ------------
_HEADERb                            00000000    00000001 =           1. bytes (ABS,CON)

      Value  Global                              Global Defined In Module
      -----  --------------------------------   ------------------------
ASxxxx Linker V03.00/V05.40 + sdld,  page 27.
Hexadecimal  [32-Bits]

Area                                    Addr        Size        Decimal Bytes (Attributes)
--------------------------------        ----        ----        ------- ----- ------------
_HEADERc                            00000000    00000001 =           1. bytes (ABS,CON)

      Value  Global                              Global Defined In Module
      -----  --------------------------------   ------------------------
ASxxxx Linker V03.00/V05.40 + sdld,  page 28.
Hexadecimal  [32-Bits]

Area                                    Addr        Size        Decimal Bytes (Attributes)
--------------------------------        ----        ----        ------- ----- ------------
_HEADERd                            00000000    00000002 =           2. bytes (ABS,CON)

      Value  Global                              Global Defined In Module
      -----  --------------------------------   ------------------------
ASxxxx Linker V03.00/V05.40 + sdld,  page 29.
Hexadecimal  [32-Bits]

Area                                    Addr        Size        Decimal Bytes (Attributes)
--------------------------------        ----        ----        ------- ----- ------------
_HEADERe                            00000000    00000001 =           1. bytes (ABS,CON)

      Value  Global                              Global Defined In Module
      -----  --------------------------------   ------------------------
ASxxxx Linker V03.00/V05.40 + sdld,  page 30.
Hexadecimal  [32-Bits]

Area                                    Addr        Size        Decimal Bytes (Attributes)
--------------------------------        ----        ----        ------- ----- ------------
_HEADERf                            00000000    00000001 =           1. bytes (ABS,CON)

      Value  Global                              Global Defined In Module
      -----  --------------------------------   ------------------------
ASxxxx Linker V03.00/V05.40 + sdld,  page 31.
Hexadecimal  [32-Bits]

Area                                    Addr        Size        Decimal Bytes (Attributes)
--------------------------------        ----        ----        ------- ----- ------------
_HEADER10                           00000000    00000002 =           2. bytes (ABS,CON)

      Value  Global                              Global Defined In Module
      -----  --------------------------------   ------------------------
ASxxxx Linker V03.00/V05.40 + sdld,  page 32.
Hexadecimal  [32-Bits]

Area                                    Addr        Size        Decimal Bytes (Attributes)
--------------------------------        ----        ----        ------- ----- ------------
_HEADER11                           00000000    000000AB =         171. bytes (ABS,CON)

      Value  Global                              Global Defined In Module
      -----  --------------------------------   ------------------------
     00000150  .reset                             Runtime
     00000150  _reset                             Runtime
     00000157  .code_start                        Runtime
     000001B9  _exit                              Runtime
     000001BD  .wait_vbl_done                     Runtime
     000001BD  _vsync                             Runtime
     000001BD  _wait_vbl_done                     Runtime
     000001CD  .remove_VBL                        Runtime
     000001CD  _remove_VBL                        Runtime
     000001D0  .remove_int                        Runtime
     000001ED  .add_VBL                           Runtime
     000001ED  _add_VBL                           Runtime
     000001F0  .add_int                           Runtime

ASxxxx Linker V03.00/V05.40 + sdld,  page 33.
Hexadecimal  [32-Bits]

Area                                    Addr        Size        Decimal Bytes (Attributes)
--------------------------------        ----        ----        ------- ----- ------------
_HOME                               00000AE9    000029CB =       10699. bytes (REL,CON)

      Value  Global                              Global Defined In Module
      -----  --------------------------------   ------------------------
     00000AE9  .memset_simple                     Runtime
     00000AF2  .memcpy_simple                     Runtime
     00000B0F  .display_off                       Runtime
     00000B0F  _display_off                       Runtime
     00000B27  _actors_update                     actor
     00000F1A  _SetBankedBkgData                  bankdata
     00000F36  _SetBankedSpriteData               bankdata
     00000F52  _SetBankedBkgTiles                 bankdata
     00000F6E  _SetBankedWinTiles                 bankdata
     00000F8A  _ReadBankedFarPtr                  bankdata
     00000FAC  _ReadBankedUWORD                   bankdata
     00000FC6  _MemcpyBanked                      bankdata
     00000FE8  _MemcpyVRAMBanked                  bankdata
     00001017  _IndexOfFarPtr                     bankdata
     0000109C  _camera_update                     camera
     000011CF  _load_animations                   data_manager
     00001228  _events_update                     events
     000012FB  _timers_update                     events
     00001384  _input_update                      input
     000013A7  .sio_ISR                           
     00001401  .timer_ISR                         
     00001416  _simple_LCD_isr                    interrupts
     00001495  _fullscreen_LCD_isr                interrupts
     000014C1  _VBL_isr                           interrupts
     0000150B  _isqrt                             math
     00001568  _sine_wave                         math
     00001668  _dir_lookup                        math
     00001670  _dir_angle_lookup                  math
     00001674  _music_events_update               music_manager
     000016F6  _music_play_isr                    music_manager
     000017C4  _parallax_LCD_isr                  parallax
     00001801  _projectiles_update                projectiles
     00001C82  _projectiles_render                projectiles
     00001DD7  _scroll_load_pending_row           scroll
     00001E25  _scroll_load_row                   scroll
     00001E65  _scroll_load_col                   scroll
     00001E9A  _scroll_load_pending_col           scroll
     00001EE9  _set_bkg_submap                    
     00001F2C  _set_xy_win_submap                 
     00001F59  .set_xy_win_submap                 
     00001F62  .set_xy_bkg_submap                 
     00001F71  .set_xy_submap                     
     00001FBB  _sfx_play_isr                      sfx_player
     00002094  _on_SIO_receive                    sio
     000020D5  _SIO_update                        sio
     0000213C  _ui_update                         ui
     00002274  _vm_sgb_transfer                   vm_sgb
     000022C1  _vm_load_text                      vm_ui
     00002517  _vm_switch                         vm
     00002648  _vm_beginthread                    vm
ASxxxx Linker V03.00/V05.40 + sdld,  page 34.
Hexadecimal  [32-Bits]

Area                                    Addr        Size        Decimal Bytes (Attributes)
--------------------------------        ----        ----        ------- ----- ------------
_HOME                               00000AE9    000029CB =       10699. bytes (REL,CON)

      Value  Global                              Global Defined In Module
      -----  --------------------------------   ------------------------
     0000276C  _vm_rpn                            vm
     00002F45  _vm_get_far                        vm
     00002FB3  _vm_call_native                    vm
     00002FC6  _VM_STEP                           vm
     00003030  _script_runner_update              vm
     00003195  _fill_win_rect                     
     000031A7  _rand                              
     000031A7  _randw                             
     000031D2  _initrand                          
     000031D4  .initrand                          
     000031DD  _get_bkg_data                      
     000031DD  _get_win_data                      
     0000322A  _get_sprite_data                   
     0000325D  _abs                               abs
     0000326C  _set_win_tiles                     
     00003280  _set_tile_data                     
     00003285  _set_bkg_data                      
     00003285  _set_win_data                      
     0000328D  _set_sprite_data                   
     000032BD  _reverse                           reverse
     000032F1  ___call__banked                    far_ptr
     0000330E  _to_far_ptr                        far_ptr
     00003344  .add_LCD                           
     00003344  _add_LCD                           
     0000334A  .remove_LCD                        
     0000334A  _remove_LCD                        
     00003350  .fill_rect_wtt                     
     00003359  .fill_rect_btt                     
     000033A6  _fill_bkg_rect                     
     000033B8  .padup                             
     000033B8  _waitpadup                         
     000033C8  .jpad                              
     000033C8  _joypad                            
     000033F0  _waitpad                           
     000033F1  .wait_pad                          
     000033F8  ___sdcc_call_hl                    call_hl
     000033F9  _memset                            memset
     0000342C  .set_xy_wtt                        SetTileMap
     00003435  .set_xy_btt                        SetTileMap
     00003444  .set_xy_tt                         SetTileMap
     00003486  ___sdcc_bcall_ehl                  
     000034A0  _set_bkg_tiles                     

ASxxxx Linker V03.00/V05.40 + sdld,  page 35.
Hexadecimal  [32-Bits]

Area                                    Addr        Size        Decimal Bytes (Attributes)
--------------------------------        ----        ----        ------- ----- ------------
_INITIALIZER                        000034B4    0000001A =          26. bytes (REL,CON)

      Value  Global                              Global Defined In Module
      -----  --------------------------------   ------------------------
ASxxxx Linker V03.00/V05.40 + sdld,  page 36.
Hexadecimal  [32-Bits]

Area                                    Addr        Size        Decimal Bytes (Attributes)
--------------------------------        ----        ----        ------- ----- ------------
_GSINIT                             000034CE    0000002D =          45. bytes (REL,CON)

      Value  Global                              Global Defined In Module
      -----  --------------------------------   ------------------------
     000034CE  gsinit                             Runtime

ASxxxx Linker V03.00/V05.40 + sdld,  page 37.
Hexadecimal  [32-Bits]

Area                                    Addr        Size        Decimal Bytes (Attributes)
--------------------------------        ----        ----        ------- ----- ------------
_GSFINAL                            000034FB    00000001 =           1. bytes (REL,CON)

      Value  Global                              Global Defined In Module
      -----  --------------------------------   ------------------------
ASxxxx Linker V03.00/V05.40 + sdld,  page 38.
Hexadecimal  [32-Bits]

Area                                    Addr        Size        Decimal Bytes (Attributes)
--------------------------------        ----        ----        ------- ----- ------------
_DATA                               0000C0A0    00001971 =        6513. bytes (REL,CON)

      Value  Global                              Global Defined In Module
      -----  --------------------------------   ------------------------
     0000C0A0  __cpu                              Runtime
     0000C0A1  __is_GBA                           Runtime
     0000C0A2  .mode                              Runtime
     0000C0A3  .sys_time                          Runtime
     0000C0A3  _sys_time                          Runtime
     0000C0A5  .int_0x40                          Runtime
     0000C0B1  _actors                            actor
     0000C4F5  _actors_active_head                actor
     0000C4F7  _actors_active_tail                actor
     0000C4F9  _actors_inactive_head              actor
     0000C4FB  _screen_x                          actor
     0000C4FC  _screen_y                          actor
     0000C4FD  _invalid                           actor
     0000C4FF  _player_moving                     actor
     0000C500  _player_iframes                    actor
     0000C501  _player_collision_actor            actor
     0000C503  _emote_actor                       actor
     0000C505  _emote_timer                       actor
     0000C506  _allocated_sprite_tiles            actor
     0000C507  _allocated_hardware_sprites        actor
     0000C513  _camera_x                          camera
     0000C515  _camera_y                          camera
     0000C517  _camera_offset_x                   camera
     0000C518  _camera_offset_y                   camera
     0000C519  _camera_deadzone_x                 camera
     0000C51A  _camera_deadzone_y                 camera
     0000C51B  _camera_settings                   camera
     0000C51F  _current_scene                     data_manager
     0000C522  _image_bank                        data_manager
     0000C523  _image_ptr                         data_manager
     0000C525  _image_attr_bank                   data_manager
     0000C526  _image_attr_ptr                    data_manager
     0000C528  _collision_bank                    data_manager
     0000C529  _collision_ptr                     data_manager
     0000C52B  _image_tile_width                  data_manager
     0000C52C  _image_tile_height                 data_manager
     0000C52D  _image_width                       data_manager
     0000C52F  _image_height                      data_manager
     0000C531  _sprites_len                       data_manager
     0000C532  _actors_len                        data_manager
     0000C533  _projectiles_len                   data_manager
     0000C534  _player_sprite_len                 data_manager
     0000C535  _scene_type                        data_manager
     0000C536  _scene_LCD_type                    data_manager
     0000C537  _scene_stack                       data_manager
     0000C577  _scene_stack_ptr                   data_manager
     0000C579  _scene_sprites_base_tiles          data_manager
     0000C5B9  _input_events                      events
     0000C5E1  _input_slots                       events
     0000C5E9  _timer_events                      events
ASxxxx Linker V03.00/V05.40 + sdld,  page 39.
Hexadecimal  [32-Bits]

Area                                    Addr        Size        Decimal Bytes (Attributes)
--------------------------------        ----        ----        ------- ----- ------------
_DATA                               0000C0A0    00001971 =        6513. bytes (REL,CON)

      Value  Global                              Global Defined In Module
      -----  --------------------------------   ------------------------
     0000C5FD  _timer_values                      events
     0000C605  _fade_running                      fade_manager
     0000C606  _fade_frames_per_step              fade_manager
     0000C607  _fade_timer                        fade_manager
     0000C60F  _joypads                           input
     0000C614  _frame_joy                         input
     0000C615  _last_joy                          input
     0000C616  _recent_joy                        input
     0000C617  _SIO_status                        
     0000C618  _link_byte_sent                    
     0000C619  _link_next_mode                    
     0000C61A  _save_blob_size                    load_save
     0000C61C  _routine_queue                     music_manager
     0000C620  _routine_queue_head                music_manager
     0000C621  _routine_queue_tail                music_manager
     0000C622  _music_events                      music_manager
     0000C636  _music_current_track_bank          music_manager
     0000C637  _music_mute_mask                   music_manager
     0000C638  _music_effective_mute              music_manager
     0000C639  _music_next_track                  music_manager
     0000C63B  _music_current_track               music_manager
     0000C63D  _music_play_isr_counter            music_manager
     0000C63E  _music_play_isr_pause              music_manager
     0000C63F  _music_global_mute_mask            music_manager
     0000C640  _music_sfx_priority                music_manager
     0000C641  _DMG_palette                       palette
     0000C644  _SprPalette                        palette
     0000C684  _parallax_rows                     parallax
     0000C696  _parallax_row                      parallax
     0000C698  _projectiles                       projectiles
     0000C751  _projectile_defs                   projectiles
     0000C7C4  _projectiles_active_head           projectiles
     0000C7C6  _projectiles_inactive_head         projectiles
     0000C7CD  _scroll_x                          scroll
     0000C7CF  _scroll_y                          scroll
     0000C7D1  _draw_scroll_x                     scroll
     0000C7D3  _draw_scroll_y                     scroll
     0000C7D5  _scroll_x_max                      scroll
     0000C7D7  _scroll_y_max                      scroll
     0000C7D9  _scroll_offset_x                   scroll
     0000C7DA  _scroll_offset_y                   scroll
     0000C7DB  _pending_h_x                       scroll
     0000C7DC  _pending_h_y                       scroll
     0000C7DD  _pending_h_i                       scroll
     0000C7DE  _pending_w_x                       scroll
     0000C7DF  _pending_w_y                       scroll
     0000C7E0  _pending_w_i                       scroll
     0000C7E1  _current_row                       scroll
     0000C7E3  _new_row                           scroll
     0000C7E5  _current_col                       scroll
     0000C7E7  _new_col                           scroll
ASxxxx Linker V03.00/V05.40 + sdld,  page 40.
Hexadecimal  [32-Bits]

Area                                    Addr        Size        Decimal Bytes (Attributes)
--------------------------------        ----        ----        ------- ----- ------------
_DATA                               0000C0A0    00001971 =        6513. bytes (REL,CON)

      Value  Global                              Global Defined In Module
      -----  --------------------------------   ------------------------
     0000C7E9  .image_tile_width                  
     0000C7EA  _sfx_play_bank                     sfx_player
     0000C7EB  _sfx_play_sample                   sfx_player
     0000C7ED  _sfx_frame_skip                    sfx_player
     0000C7EE  _link_operation_mode               sio
     0000C7EF  _link_packet                       sio
     0000C80F  _link_packet_len                   sio
     0000C810  _link_packet_ptr                   sio
     0000C812  _link_packet_received              sio
     0000C813  _link_packet_snd_len               sio
     0000C814  _link_packet_snd_ptr               sio
     0000C816  _link_packet_sent                  sio
     0000C817  __is_CGB                           system
     0000C818  __is_SGB                           system
     0000C819  __current_ram_bank                 system
     0000C81A  _triggers                          trigger
     0000C912  _last_trigger_tx                   trigger
     0000C913  _last_trigger_ty                   trigger
     0000C914  _last_trigger                      trigger
     0000C915  _win_pos_x                         ui
     0000C916  _win_dest_pos_x                    ui
     0000C917  _win_pos_y                         ui
     0000C918  _win_dest_pos_y                    ui
     0000C919  _win_speed                         ui
     0000C91A  _text_drawn                        ui
     0000C91B  _current_text_speed                ui
     0000C91C  _text_wait                         ui
     0000C91D  _text_options                      ui
     0000C91E  _text_in_speed                     ui
     0000C91F  _text_out_speed                    ui
     0000C920  _text_draw_speed                   ui
     0000C921  _text_ff_joypad                    ui
     0000C922  _text_ff                           ui
     0000C923  _text_bkg_fill                     ui
     0000C924  _ui_text_data                      ui
     0000CA2E  _vwf_current_mask                  ui
     0000CA2F  _vwf_current_rotate                ui
     0000CA30  _vwf_inverse_map                   ui
     0000CA31  _vwf_direction                     ui
     0000CA32  _vwf_current_font_desc             ui
     0000CA3A  _vwf_current_font_bank             ui
     0000CA3B  _vwf_current_font_idx              ui
     0000CA3C  _text_render_base_addr             ui
     0000CA3E  _text_scroll_addr                  ui
     0000CA40  _text_scroll_width                 ui
     0000CA41  _text_scroll_height                ui
     0000CA42  _text_scroll_fill                  ui
     0000CA43  _text_sound_mask                   ui
     0000CA44  _text_sound_bank                   ui
     0000CA45  _text_sound_data                   ui
     0000CA47  _overlay_priority                  ui
ASxxxx Linker V03.00/V05.40 + sdld,  page 41.
Hexadecimal  [32-Bits]

Area                                    Addr        Size        Decimal Bytes (Attributes)
--------------------------------        ----        ----        ------- ----- ------------
_DATA                               0000C0A0    00001971 =        6513. bytes (REL,CON)

      Value  Global                              Global Defined In Module
      -----  --------------------------------   ------------------------
     0000CA48  _text_palette                      ui
     0000CA4F  __itoa_fmt_len                     vm_ui_a
     0000CA50  .itoa_fmt_buf                      vm_ui_a
     0000CA53  _CTXS                              vm
     0000CB83  _first_ctx                         vm
     0000CB85  _free_ctxs                         vm
     0000CB87  _old_executing_ctx                 vm
     0000CB89  _executing_ctx                     vm
     0000CB8B  _vm_lock_state                     vm
     0000CB8C  _vm_loaded_state                   vm
     0000CB8D  _vm_exception_code                 vm
     0000CB8E  _vm_exception_params_length        vm
     0000CB8F  _vm_exception_params_bank          vm
     0000CB90  _vm_exception_params_offset        vm
     0000CB93  _script_memory                     vm
     0000D999  _grounded                          platform
     0000D99A  _on_slope                          platform
     0000D99B  _slope_y                           platform
     0000D99C  _on_ladder                         platform
     0000D99D  _pl_vel_x                          platform
     0000D99F  _pl_vel_y                          platform
     0000D9A1  _plat_min_vel                      platform
     0000D9A3  _plat_walk_vel                     platform
     0000D9A5  _plat_climb_vel                    platform
     0000D9A7  _plat_run_vel                      platform
     0000D9A9  _plat_walk_acc                     platform
     0000D9AB  _plat_run_acc                      platform
     0000D9AD  _plat_dec                          platform
     0000D9AF  _plat_jump_vel                     platform
     0000D9B1  _plat_grav                         platform
     0000D9B3  _plat_hold_grav                    platform
     0000D9B5  _plat_max_fall_vel                 platform
     0000D9B7  _shooter_reached_end               shmup
     0000D9B8  _shooter_dest                      shmup
     0000D9BA  _shooter_direction                 shmup
     0000D9BB  _topdown_grid                      topdown
     0000D9BC  ___rand_seed                       
     0000D9BE  gbt_playing                        
     0000D9BF  gbt_song                           
     0000D9C1  gbt_bank                           
     0000D9C2  gbt_speed                          
     0000D9C3  gbt_temp_play_data                 
     0000D9CF  gbt_loop_enabled                   
     0000D9D0  gbt_ticks_elapsed                  
     0000D9D1  gbt_current_step                   
     0000D9D2  gbt_current_pattern                
     0000D9D3  gbt_current_step_data_ptr          
     0000D9D5  gbt_channels_enabled               
     0000D9D6  gbt_pan                            
     0000D9DA  gbt_vol                            
     0000D9DE  gbt_instr                          
ASxxxx Linker V03.00/V05.40 + sdld,  page 42.
Hexadecimal  [32-Bits]

Area                                    Addr        Size        Decimal Bytes (Attributes)
--------------------------------        ----        ----        ------- ----- ------------
_DATA                               0000C0A0    00001971 =        6513. bytes (REL,CON)

      Value  Global                              Global Defined In Module
      -----  --------------------------------   ------------------------
     0000D9E2  gbt_freq                           
     0000D9E8  __current_ch3_wave                 
     0000D9E8  __gbt_channel3_loaded_instrument   
     0000D9E8  gbt_channel3_loaded_instrument     
     0000D9E9  gbt_arpeggio_freq_index            
     0000D9F2  gbt_arpeggio_enabled               
     0000D9F5  gbt_arpeggio_tick                  
     0000D9F8  gbt_sweep                          
     0000D9FB  gbt_cut_note_tick                  
     0000D9FF  gbt_have_to_stop_next_step         
     0000DA00  gbt_update_pattern_pointers        
     0000DA01  ___call_banked_addr                far_ptr
     0000DA01  ___call_banked_ptr                 far_ptr
     0000DA03  ___call_banked_bank                far_ptr
     0000DA05  .int_0x48                          
     0000DA0D  ___current_metasprite              Metasprites
     0000DA0F  ___current_base_tile               Metasprites
     0000DA10  ___current_base_prop               Metasprites

ASxxxx Linker V03.00/V05.40 + sdld,  page 43.
Hexadecimal  [32-Bits]

Area                                    Addr        Size        Decimal Bytes (Attributes)
--------------------------------        ----        ----        ------- ----- ------------
_INITIALIZED                        0000DA11    0000001A =          26. bytes (REL,CON)

      Value  Global                              Global Defined In Module
      -----  --------------------------------   ------------------------
     0000DA11  _fade_style                        fade_manager
     0000DA12  _game_time                         game_time
     0000DA13  _PRN_PKT_START                     gbprinter
     0000DA21  _hide_sprites                      interrupts
     0000DA22  _show_actors_on_overlay            interrupts
     0000DA23  _overlay_cut_scanline              interrupts
     0000DA24  __submap_tile_offset               
     0000DA25  _triggers_len                      trigger
     0000DA26  _exchange_state                    vm_sio
     0000DA27  _last_hit_trigger                  pointnclick
     0000DA28  _shooter_scroll_speed              shmup
     0000DA29  ___render_shadow_OAM               Metasprites
     0000DA2A  __map_tile_offset                  SetTileMap

ASxxxx Linker V03.00/V05.40 + sdld,  page 44.
Hexadecimal  [32-Bits]

Area                                    Addr        Size        Decimal Bytes (Attributes)
--------------------------------        ----        ----        ------- ----- ------------
_HRAM12                             00000000    00000003 =           3. bytes (ABS,CON)

      Value  Global                              Global Defined In Module
      -----  --------------------------------   ------------------------
     0000FF90  __current_bank                     Runtime
     0000FF92  __shadow_OAM_base                  Runtime

ASxxxx Linker V03.00/V05.40 + sdld,  page 45.
Hexadecimal  [32-Bits]

Area                                    Addr        Size        Decimal Bytes (Attributes)
--------------------------------        ----        ----        ------- ----- ------------
_CODE_1                             00014000    00003FF3 =       16371. bytes (REL,CON)

      Value  Global                              Global Defined In Module
      -----  --------------------------------   ------------------------
     00014000  ___func_ACTOR                      actor
     00014000  _actors_init                       actor
     0001403A  _emote_offsets                     actor
     00014049  _emote_metasprite                  actor
     00014055  _player_init                       actor
     0001406A  _deactivate_actor                  actor
     000141CB  _activate_actor                    actor
     0001430A  _activate_actors_in_row            actor
     00014401  _activate_actors_in_col            actor
     00014552  _actor_set_frames                  actor
     000145A8  _actor_set_frame_offset            actor
     000145E3  _actor_get_frame_offset            actor
     000145F5  _actor_set_anim_idle               actor
     00014623  _actor_set_anim_moving             actor
     00014654  _actor_set_dir                     actor
     000146B9  _actor_at_tile                     actor
     0001478D  _actor_in_front_of_player          actor
     00014841  _actor_overlapping_player          actor
     00014ADA  _actor_overlapping_bb              actor
[...]
/var/folders/rv/sqtng1113nv7qk599cn27q7m0000gp/T/_gbsbuild/obj/bg_mara_tileset.rel
                                          [ bg_mara_tileset ]
/var/folders/rv/sqtng1113nv7qk599cn27q7m0000gp/T/_gbsbuild/obj/bg_mara.rel
                                          [ bg_mara ]
/var/folders/rv/sqtng1113nv7qk599cn27q7m0000gp/T/_gbsbuild/obj/bg_placeholder_tilemap.rel
                                          [ bg_placeholder_tilemap ]
/var/folders/rv/sqtng1113nv7qk599cn27q7m0000gp/T/_gbsbuild/obj/bg_placeholder_tileset.rel
                                          [ bg_placeholder_tileset ]
/var/folders/rv/sqtng1113nv7qk599cn27q7m0000gp/T/_gbsbuild/obj/bg_placeholder.rel
                                          [ bg_placeholder ]
/var/folders/rv/sqtng1113nv7qk599cn27q7m0000gp/T/_gbsbuild/obj/cursor_image.rel
                                          [ cursor_image ]
/var/folders/rv/sqtng1113nv7qk599cn27q7m0000gp/T/_gbsbuild/obj/font_gbs_mono.rel
                                          [ font_gbs_mono ]
/var/folders/rv/sqtng1113nv7qk599cn27q7m0000gp/T/_gbsbuild/obj/frame_image.rel
                                          [ frame_image ]
/var/folders/rv/sqtng1113nv7qk599cn27q7m0000gp/T/_gbsbuild/obj/game_signature.rel
                                          [ game_signature ]
/var/folders/rv/sqtng1113nv7qk599cn27q7m0000gp/T/_gbsbuild/obj/song_dreamy_Data.rel
                                          [ song_dreamy_Data ]
/var/folders/rv/sqtng1113nv7qk599cn27q7m0000gp/T/_gbsbuild/obj/palette_0.rel
                                          [ palette_0 ]
/var/folders/rv/sqtng1113nv7qk599cn27q7m0000gp/T/_gbsbuild/obj/palette_1.rel
                                          [ palette_1 ]
/var/folders/rv/sqtng1113nv7qk599cn27q7m0000gp/T/_gbsbuild/obj/scene_1_collisions.rel
                                          [ scene_1_collisions ]
/var/folders/rv/sqtng1113nv7qk599cn27q7m0000gp/T/_gbsbuild/obj/scene_1_init.rel
                                          [ scene_1_init ]
/var/folders/rv/sqtng1113nv7qk599cn27q7m0000gp/T/_gbsbuild/obj/scene_1.rel
                                          [ scene_1 ]
/var/folders/rv/sqtng1113nv7qk599cn27q7m0000gp/T/_gbsbuild/obj/scene_10_collisions.rel
                                          [ scene_10_collisions ]
/var/folders/rv/sqtng1113nv7qk599cn27q7m0000gp/T/_gbsbuild/obj/scene_10_init.rel
                                          [ scene_10_init ]
/var/folders/rv/sqtng1113nv7qk599cn27q7m0000gp/T/_gbsbuild/obj/scene_10.rel
                                          [ scene_10 ]
/var/folders/rv/sqtng1113nv7qk599cn27q7m0000gp/T/_gbsbuild/obj/scene_11_collisions.rel
                                          [ scene_11_collisions ]
/var/folders/rv/sqtng1113nv7qk599cn27q7m0000gp/T/_gbsbuild/obj/scene_11_init.rel
                                          [ scene_11_init ]
/var/folders/rv/sqtng1113nv7qk599cn27q7m0000gp/T/_gbsbuild/obj/scene_11.rel
                                          [ scene_11 ]
/var/folders/rv/sqtng1113nv7qk599cn27q7m0000gp/T/_gbsbuild/obj/scene_12_collisions.rel
                                          [ scene_12_collisions ]
/var/folders/rv/sqtng1113nv7qk599cn27q7m0000gp/T/_gbsbuild/obj/scene_12_init.rel
                                          [ scene_12_init ]
/var/folders/rv/sqtng1113nv7qk599cn27q7m0000gp/T/_gbsbuild/obj/scene_12.rel
                                          [ scene_12 ]
/var/folders/rv/sqtng1113nv7qk599cn27q7m0000gp/T/_gbsbuild/obj/scene_13_collisions.rel
                                          [ scene_13_collisions ]
/var/folders/rv/sqtng1113nv7qk599cn27q7m0000gp/T/_gbsbuild/obj/scene_13_init.rel
                                          [ scene_13_init ]
/var/folders/rv/sqtng1113nv7qk599cn27q7m0000gp/T/_gbsbuild/obj/scene_13.rel
                                          [ scene_13 ]
/var/folders/rv/sqtng1113nv7qk599cn27q7m0000gp/T/_gbsbuild/obj/scene_14_collisions.rel
                                          [ scene_14_collisions ]
/var/folders/rv/sqtng1113nv7qk599cn27q7m0000gp/T/_gbsbuild/obj/scene_14_init.rel
                                          [ scene_14_init ]
/var/folders/rv/sqtng1113nv7qk599cn27q7m0000gp/T/_gbsbuild/obj/scene_14.rel
                                          [ scene_14 ]
/var/folders/rv/sqtng1113nv7qk599cn27q7m0000gp/T/_gbsbuild/obj/scene_15_collisions.rel
                                          [ scene_15_collisions ]
/var/folders/rv/sqtng1113nv7qk599cn27q7m0000gp/T/_gbsbuild/obj/scene_15_init.rel
                                          [ scene_15_init ]
/var/folders/rv/sqtng1113nv7qk599cn27q7m0000gp/T/_gbsbuild/obj/scene_15.rel
                                          [ scene_15 ]
/var/folders/rv/sqtng1113nv7qk599cn27q7m0000gp/T/_gbsbuild/obj/scene_2_collisions.rel
                                          [ scene_2_collisions ]
/var/folders/rv/sqtng1113nv7qk599cn27q7m0000gp/T/_gbsbuild/obj/scene_2_init.rel
                                          [ scene_2_init ]
/var/folders/rv/sqtng1113nv7qk599cn27q7m0000gp/T/_gbsbuild/obj/scene_2.rel
                                          [ scene_2 ]
/var/folders/rv/sqtng1113nv7qk599cn27q7m0000gp/T/_gbsbuild/obj/scene_3_collisions.rel
                                          [ scene_3_collisions ]
/var/folders/rv/sqtng1113nv7qk599cn27q7m0000gp/T/_gbsbuild/obj/scene_3_init.rel
                                          [ scene_3_init ]
/var/folders/rv/sqtng1113nv7qk599cn27q7m0000gp/T/_gbsbuild/obj/scene_3.rel
                                          [ scene_3 ]
/var/folders/rv/sqtng1113nv7qk599cn27q7m0000gp/T/_gbsbuild/obj/scene_4_collisions.rel
                                          [ scene_4_collisions ]
/var/folders/rv/sqtng1113nv7qk599cn27q7m0000gp/T/_gbsbuild/obj/scene_4_init.rel
                                          [ scene_4_init ]
/var/folders/rv/sqtng1113nv7qk599cn27q7m0000gp/T/_gbsbuild/obj/scene_4.rel
                                          [ scene_4 ]
/var/folders/rv/sqtng1113nv7qk599cn27q7m0000gp/T/_gbsbuild/obj/scene_5_collisions.rel
                                          [ scene_5_collisions ]
/var/folders/rv/sqtng1113nv7qk599cn27q7m0000gp/T/_gbsbuild/obj/scene_5_init.rel
                                          [ scene_5_init ]
/var/folders/rv/sqtng1113nv7qk599cn27q7m0000gp/T/_gbsbuild/obj/scene_5.rel
                                          [ scene_5 ]
/var/folders/rv/sqtng1113nv7qk599cn27q7m0000gp/T/_gbsbuild/obj/scene_6_collisions.rel
                                          [ scene_6_collisions ]
/var/folders/rv/sqtng1113nv7qk599cn27q7m0000gp/T/_gbsbuild/obj/scene_6_init.rel
                                          [ scene_6_init ]
/var/folders/rv/sqtng1113nv7qk599cn27q7m0000gp/T/_gbsbuild/obj/scene_6.rel
                                          [ scene_6 ]
/var/folders/rv/sqtng1113nv7qk599cn27q7m0000gp/T/_gbsbuild/obj/scene_7_collisions.rel
                                          [ scene_7_collisions ]
/var/folders/rv/sqtng1113nv7qk599cn27q7m0000gp/T/_gbsbuild/obj/scene_7_init.rel
                                          [ scene_7_init ]
/var/folders/rv/sqtng1113nv7qk599cn27q7m0000gp/T/_gbsbuild/obj/scene_7.rel
                                          [ scene_7 ]
/var/folders/rv/sqtng1113nv7qk599cn27q7m0000gp/T/_gbsbuild/obj/scene_8_collisions.rel
                                          [ scene_8_collisions ]
/var/folders/rv/sqtng1113nv7qk599cn27q7m0000gp/T/_gbsbuild/obj/scene_8_init.rel
                                          [ scene_8_init ]
/var/folders/rv/sqtng1113nv7qk599cn27q7m0000gp/T/_gbsbuild/obj/scene_8.rel
                                          [ scene_8 ]
/var/folders/rv/sqtng1113nv7qk599cn27q7m0000gp/T/_gbsbuild/obj/scene_9_collisions.rel
                                          [ scene_9_collisions ]
/var/folders/rv/sqtng1113nv7qk599cn27q7m0000gp/T/_gbsbuild/obj/scene_9_init.rel
                                          [ scene_9_init ]
/var/folders/rv/sqtng1113nv7qk599cn27q7m0000gp/T/_gbsbuild/obj/scene_9.rel
                                          [ scene_9 ]
/var/folders/rv/sqtng1113nv7qk599cn27q7m0000gp/T/_gbsbuild/obj/script_engine_init.rel
                                          [  ]
/var/folders/rv/sqtng1113nv7qk599cn27q7m0000gp/T/_gbsbuild/obj/script_input_0.rel
                                          [ script_input_0 ]
/var/folders/rv/sqtng1113nv7qk599cn27q7m0000gp/T/_gbsbuild/obj/script_input_1.rel
                                          [ script_input_1 ]
/var/folders/rv/sqtng1113nv7qk599cn27q7m0000gp/T/_gbsbuild/obj/script_input_10.rel
                                          [ script_input_10 ]
/var/folders/rv/sqtng1113nv7qk599cn27q7m0000gp/T/_gbsbuild/obj/script_input_11.rel
                                          [ script_input_11 ]
/var/folders/rv/sqtng1113nv7qk599cn27q7m0000gp/T/_gbsbuild/obj/script_input_12.rel
                                          [ script_input_12 ]
/var/folders/rv/sqtng1113nv7qk599cn27q7m0000gp/T/_gbsbuild/obj/script_input_13.rel
                                          [ script_input_13 ]
/var/folders/rv/sqtng1113nv7qk599cn27q7m0000gp/T/_gbsbuild/obj/script_input_14.rel
                                          [ script_input_14 ]
/var/folders/rv/sqtng1113nv7qk599cn27q7m0000gp/T/_gbsbuild/obj/script_input_15.rel
                                          [ script_input_15 ]
/var/folders/rv/sqtng1113nv7qk599cn27q7m0000gp/T/_gbsbuild/obj/script_input_16.rel
                                          [ script_input_16 ]
/var/folders/rv/sqtng1113nv7qk599cn27q7m0000gp/T/_gbsbuild/obj/script_input_17.rel
                                          [ script_input_17 ]
/var/folders/rv/sqtng1113nv7qk599cn27q7m0000gp/T/_gbsbuild/obj/script_input_18.rel
                                          [ script_input_18 ]
/var/folders/rv/sqtng1113nv7qk599cn27q7m0000gp/T/_gbsbuild/obj/script_input_19.rel
                                          [ script_input_19 ]
/var/folders/rv/sqtng1113nv7qk599cn27q7m0000gp/T/_gbsbuild/obj/script_input_2.rel
                                          [ script_input_2 ]
/var/folders/rv/sqtng1113nv7qk599cn27q7m0000gp/T/_gbsbuild/obj/script_input_20.rel
                                          [ script_input_20 ]
/var/folders/rv/sqtng1113nv7qk599cn27q7m0000gp/T/_gbsbuild/obj/script_input_21.rel
                                          [ script_input_21 ]
/var/folders/rv/sqtng1113nv7qk599cn27q7m0000gp/T/_gbsbuild/obj/script_input_22.rel
                                          [ script_input_22 ]
/var/folders/rv/sqtng1113nv7qk599cn27q7m0000gp/T/_gbsbuild/obj/script_input_23.rel
                                          [ script_input_23 ]
/var/folders/rv/sqtng1113nv7qk599cn27q7m0000gp/T/_gbsbuild/obj/script_input_24.rel
                                          [ script_input_24 ]
/var/folders/rv/sqtng1113nv7qk599cn27q7m0000gp/T/_gbsbuild/obj/script_input_25.rel
                                          [ script_input_25 ]
/var/folders/rv/sqtng1113nv7qk599cn27q7m0000gp/T/_gbsbuild/obj/script_input_26.rel
                                          [ script_input_26 ]
/var/folders/rv/sqtng1113nv7qk599cn27q7m0000gp/T/_gbsbuild/obj/script_input_27.rel
                                          [ script_input_27 ]
/var/folders/rv/sqtng1113nv7qk599cn27q7m0000gp/T/_gbsbuild/obj/script_input_28.rel
                                          [ script_input_28 ]
/var/folders/rv/sqtng1113nv7qk599cn27q7m0000gp/T/_gbsbuild/obj/script_input_29.rel
                                          [ script_input_29 ]
/var/folders/rv/sqtng1113nv7qk599cn27q7m0000gp/T/_gbsbuild/obj/script_input_3.rel
                                          [ script_input_3 ]
/var/folders/rv/sqtng1113nv7qk599cn27q7m0000gp/T/_gbsbuild/obj/script_input_30.rel
                                          [ script_input_30 ]
/var/folders/rv/sqtng1113nv7qk599cn27q7m0000gp/T/_gbsbuild/obj/script_input_31.rel
                                          [ script_input_31 ]
/var/folders/rv/sqtng1113nv7qk599cn27q7m0000gp/T/_gbsbuild/obj/script_input_32.rel
                                          [ script_input_32 ]
/var/folders/rv/sqtng1113nv7qk599cn27q7m0000gp/T/_gbsbuild/obj/script_input_33.rel
                                          [ script_input_33 ]
/var/folders/rv/sqtng1113nv7qk599cn27q7m0000gp/T/_gbsbuild/obj/script_input_34.rel
                                          [ script_input_34 ]
/var/folders/rv/sqtng1113nv7qk599cn27q7m0000gp/T/_gbsbuild/obj/script_input_35.rel
                                          [ script_input_35 ]
/var/folders/rv/sqtng1113nv7qk599cn27q7m0000gp/T/_gbsbuild/obj/script_input_36.rel
                                          [ script_input_36 ]
/var/folders/rv/sqtng1113nv7qk599cn27q7m0000gp/T/_gbsbuild/obj/script_input_37.rel
                                          [ script_input_37 ]
/var/folders/rv/sqtng1113nv7qk599cn27q7m0000gp/T/_gbsbuild/obj/script_input_38.rel
                                          [ script_input_38 ]
/var/folders/rv/sqtng1113nv7qk599cn27q7m0000gp/T/_gbsbuild/obj/script_input_39.rel
                                          [ script_input_39 ]
/var/folders/rv/sqtng1113nv7qk599cn27q7m0000gp/T/_gbsbuild/obj/script_input_4.rel
                                          [ script_input_4 ]
/var/folders/rv/sqtng1113nv7qk599cn27q7m0000gp/T/_gbsbuild/obj/script_input_40.rel
                                          [ script_input_40 ]
/var/folders/rv/sqtng1113nv7qk599cn27q7m0000gp/T/_gbsbuild/obj/script_input_41.rel
                                          [ script_input_41 ]
/var/folders/rv/sqtng1113nv7qk599cn27q7m0000gp/T/_gbsbuild/obj/script_input_42.rel
                                          [ script_input_42 ]
/var/folders/rv/sqtng1113nv7qk599cn27q7m0000gp/T/_gbsbuild/obj/script_input_5.rel
                                          [ script_input_5 ]
/var/folders/rv/sqtng1113nv7qk599cn27q7m0000gp/T/_gbsbuild/obj/script_input_6.rel
                                          [ script_input_6 ]
/var/folders/rv/sqtng1113nv7qk599cn27q7m0000gp/T/_gbsbuild/obj/script_input_7.rel
                                          [ script_input_7 ]
/var/folders/rv/sqtng1113nv7qk599cn27q7m0000gp/T/_gbsbuild/obj/script_input_8.rel
                                          [ script_input_8 ]
/var/folders/rv/sqtng1113nv7qk599cn27q7m0000gp/T/_gbsbuild/obj/script_input_9.rel
                                          [ script_input_9 ]
/var/folders/rv/sqtng1113nv7qk599cn27q7m0000gp/T/_gbsbuild/obj/sprite_actor_animated_tileset.rel
                                          [ sprite_actor_animated_tileset ]
/var/folders/rv/sqtng1113nv7qk599cn27q7m0000gp/T/_gbsbuild/obj/sprite_actor_animated.rel
                                          [ sprite_actor_animated ]
/var/folders/rv/sqtng1113nv7qk599cn27q7m0000gp/T/_gbsbuild/obj/spritesheet_none.rel
                                          [ spritesheet_none ]
/var/folders/rv/sqtng1113nv7qk599cn27q7m0000gp/T/_gbsbuild/obj/main.rel
                                          [ main ]
/var/folders/rv/sqtng1113nv7qk599cn27q7m0000gp/T/_gbsbuild/obj/adventure.rel
                                          [ adventure ]
/var/folders/rv/sqtng1113nv7qk599cn27q7m0000gp/T/_gbsbuild/obj/logo.rel
                                          [ logo ]
/var/folders/rv/sqtng1113nv7qk599cn27q7m0000gp/T/_gbsbuild/obj/platform.rel
                                          [ platform ]
/var/folders/rv/sqtng1113nv7qk599cn27q7m0000gp/T/_gbsbuild/obj/pointnclick.rel
                                          [ pointnclick ]
/var/folders/rv/sqtng1113nv7qk599cn27q7m0000gp/T/_gbsbuild/obj/shmup.rel
                                          [ shmup ]
/var/folders/rv/sqtng1113nv7qk599cn27q7m0000gp/T/_gbsbuild/obj/states_ptrs.rel
                                          [  ]
/var/folders/rv/sqtng1113nv7qk599cn27q7m0000gp/T/_gbsbuild/obj/topdown.rel
                                          [ topdown ]


Libraries Linked                          [ object file ]

/var/folders/rv/sqtng1113nv7qk599cn27q7m0000gp/T/_gbstools/gbdk/lib/gb/gb.lib
                                          [ fill_rect_wi.o ]
/var/folders/rv/sqtng1113nv7qk599cn27q7m0000gp/T/_gbstools/gbdk/lib/sm83/sm83.lib
                                          [ rand.o ]
/var/folders/rv/sqtng1113nv7qk599cn27q7m0000gp/T/_gbstools/gbdk/lib/gb/gb.lib
                                          [ sfr.o ]
/var/folders/rv/sqtng1113nv7qk599cn27q7m0000gp/T/_gbstools/gbdk/lib/gb/gb.lib
                                          [ get_data.o ]
/var/folders/rv/sqtng1113nv7qk599cn27q7m0000gp/T/_gbstools/gbdk/lib/gb/gb.lib
                                          [ get_tile.o ]
lib/gbt_player.lib                        [ gbt_player.o ]
/var/folders/rv/sqtng1113nv7qk599cn27q7m0000gp/T/_gbstools/gbdk/lib/gb/gb.lib
                                          [ metasprites_hide_spr.o ]
/var/folders/rv/sqtng1113nv7qk599cn27q7m0000gp/T/_gbstools/gbdk/lib/sm83/sm83.lib
                                          [ mul.o ]
/var/folders/rv/sqtng1113nv7qk599cn27q7m0000gp/T/_gbstools/gbdk/lib/gb/gb.lib
                                          [ set_tile.o ]
/var/folders/rv/sqtng1113nv7qk599cn27q7m0000gp/T/_gbstools/gbdk/lib/sm83/sm83.lib
                                          [ abs.o ]
/var/folders/rv/sqtng1113nv7qk599cn27q7m0000gp/T/_gbstools/gbdk/lib/gb/gb.lib
                                          [ set_wi_t.o ]
/var/folders/rv/sqtng1113nv7qk599cn27q7m0000gp/T/_gbstools/gbdk/lib/gb/gb.lib
                                          [ set_data.o ]
/var/folders/rv/sqtng1113nv7qk599cn27q7m0000gp/T/_gbstools/gbdk/lib/sm83/sm83.lib
                                          [ reverse.o ]
/var/folders/rv/sqtng1113nv7qk599cn27q7m0000gp/T/_gbstools/gbdk/lib/gb/gb.lib
                                          [ far_ptr.o ]
/var/folders/rv/sqtng1113nv7qk599cn27q7m0000gp/T/_gbstools/gbdk/lib/gb/gb.lib
                                          [ sgb.o ]
/var/folders/rv/sqtng1113nv7qk599cn27q7m0000gp/T/_gbstools/gbdk/lib/gb/gb.lib
                                          [ lcd.o ]
/var/folders/rv/sqtng1113nv7qk599cn27q7m0000gp/T/_gbstools/gbdk/lib/gb/gb.lib
                                          [ fill_rect.o ]
/var/folders/rv/sqtng1113nv7qk599cn27q7m0000gp/T/_gbstools/gbdk/lib/gb/gb.lib
                                          [ cpy_data.o ]
/var/folders/rv/sqtng1113nv7qk599cn27q7m0000gp/T/_gbstools/gbdk/lib/gb/gb.lib
                                          [ fill_rect_bk.o ]
/var/folders/rv/sqtng1113nv7qk599cn27q7m0000gp/T/_gbstools/gbdk/lib/gb/gb.lib
                                          [ pad.o ]
/var/folders/rv/sqtng1113nv7qk599cn27q7m0000gp/T/_gbstools/gbdk/lib/gb/gb.lib
                                          [ metasprites.o ]
/var/folders/rv/sqtng1113nv7qk599cn27q7m0000gp/T/_gbstools/gbdk/lib/sm83/sm83.lib
                                          [ __sdcc_call_hl.o ]
/var/folders/rv/sqtng1113nv7qk599cn27q7m0000gp/T/_gbstools/gbdk/lib/sm83/sm83.lib
                                          [ memcpy.o ]
/var/folders/rv/sqtng1113nv7qk599cn27q7m0000gp/T/_gbstools/gbdk/lib/sm83/sm83.lib
                                          [ _memset.o ]
/var/folders/rv/sqtng1113nv7qk599cn27q7m0000gp/T/_gbstools/gbdk/lib/gb/gb.lib
                                          [ set_xy_t.o ]
/var/folders/rv/sqtng1113nv7qk599cn27q7m0000gp/T/_gbstools/gbdk/lib/gb/gb.lib
                                          [ ___sdcc_bcall_ehl.o ]
/var/folders/rv/sqtng1113nv7qk599cn27q7m0000gp/T/_gbstools/gbdk/lib/sm83/sm83.lib
                                          [ div.o ]
/var/folders/rv/sqtng1113nv7qk599cn27q7m0000gp/T/_gbstools/gbdk/lib/gb/gb.lib
                                          [ set_bk_t.o ]
lib/gbt_player.lib                        [ gbt_player_bank1.o ]

ASxxxx Linker V03.00/V05.40 + sdld,  page 66.

User Base Address Definitions

_DATA=0xC0A0
_CODE=0x0200
ASxxxx Linker V03.00/V05.40 + sdld,  page 67.

User Global Definitions

.STACK=0xDF00
_shadow_OAM=0xC000
.refresh_OAM=0xFF80
__start_save=12

